// Jest Snapshot v1, https://goo.gl/fbAQLP

exports[`reducers tickerReducer should correctly getTicker 1`] = `
Object {
  "btcTicker": null,
  "crypto": "",
  "currency": "",
  "currencyFilters": Array [
    Object {
      "key": "btc",
      "name": "BTC",
    },
    Object {
      "key": "bits",
      "name": "bits",
    },
    Object {
      "key": "sats",
      "name": "satoshis",
    },
  ],
  "fromCurrency": "sats",
  "ltcTicker": null,
  "tickerLoading": true,
}
`;

exports[`reducers tickerReducer should correctly receiveTicker 1`] = `
Object {
  "btcTicker": undefined,
  "crypto": "",
  "currency": "",
  "currencyFilters": Array [
    Object {
      "key": "btc",
      "name": "BTC",
    },
    Object {
      "key": "bits",
      "name": "bits",
    },
    Object {
      "key": "sats",
      "name": "satoshis",
    },
  ],
  "fromCurrency": "sats",
  "ltcTicker": undefined,
  "tickerLoading": false,
}
`;

exports[`reducers tickerReducer should correctly setCrypto 1`] = `
Object {
  "btcTicker": null,
  "crypto": "foo",
  "currency": "",
  "currencyFilters": Array [
    Object {
      "key": "btc",
      "name": "BTC",
    },
    Object {
      "key": "bits",
      "name": "bits",
    },
    Object {
      "key": "sats",
      "name": "satoshis",
    },
  ],
  "fromCurrency": "sats",
  "ltcTicker": null,
  "tickerLoading": false,
}
`;

exports[`reducers tickerReducer should correctly setCurrency 1`] = `
Object {
  "btcTicker": null,
  "crypto": "",
  "currency": "foo",
  "currencyFilters": Array [
    Object {
      "key": "btc",
      "name": "BTC",
    },
    Object {
      "key": "bits",
      "name": "bits",
    },
    Object {
      "key": "sats",
      "name": "satoshis",
    },
  ],
  "fromCurrency": "",
  "ltcTicker": null,
  "tickerLoading": false,
}
`;

exports[`reducers tickerReducer should handle initial state 1`] = `
Object {
  "btcTicker": null,
  "crypto": "",
  "currency": "",
  "currencyFilters": Array [
    Object {
      "key": "btc",
      "name": "BTC",
    },
    Object {
      "key": "bits",
      "name": "bits",
    },
    Object {
      "key": "sats",
      "name": "satoshis",
    },
  ],
  "fromCurrency": "sats",
  "ltcTicker": null,
  "tickerLoading": false,
}
`;
